[NonceManager] Initialized — padding=10000ms, initialNonce=1790237341388000 (2026-09-24T08:09:01.388Z)
[BTC/USD] precomputed in 41.7s
[ETH/USD] precomputed in 38.5s
[SOL/USD] precomputed in 38.6s
[XRP/USD] precomputed in 38.6s
GRID=24 risk combos/fold (balanced 24, cap 64)
HISTORICAL_ENTRY_THRESHOLDS=0.5,0.3,0.3

=== FOLD 0: ENTRY_THRESHOLD=0.5 | train 2026-03-15→2026-06-13 | test 2026-06-13→2026-07-13 ===
BEST=lq0.55@0.5_hv2@0.5 netToDD=-0.684
FOLD 0 TEST: R0=0.00/0.00 R1=0.00/0.00 U75=0.00 U50=0.00

=== FOLD 1: ENTRY_THRESHOLD=0.3 | train 2026-04-14→2026-07-13 | test 2026-07-13→2026-08-12 ===
BEST=lq0.55@0.5_hv2@0.5 netToDD=-0.970
FOLD 1 TEST: R0=5.41/1.06 R1=-56.73/0.46 U75=-51.32 U50=-34.21

=== FOLD 2: ENTRY_THRESHOLD=0.3 | train 2026-05-14→2026-08-12 | test 2026-08-12→2026-09-11 ===
BEST=lq0.45@0.75_hv2@0.5 netToDD=-0.897
FOLD 2 TEST: R0=291.96/1.46 R1=120.88/1.21 U75=124.99 U50=152.41
PRODUCTION_030_R0_NET=217.22 PF=1.262 DD=275.98 NET_DD=0.787
PRODUCTION_030_R1_NET=24.07 PF=1.033 DD=275.27 NET_DD=0.087
PRODUCTION_030_U75_NET=13.56 PF=1.017 DD=285.71 NET_DD=0.047
PRODUCTION_030_U50_NET=78.12 PF=1.150 DD=190.47 NET_DD=0.410
R0_OOS: trades=52 net=297.38 pf=1.408 dd=275.98 netDD=1.078 risk=2600 avgRisk=50.00 worst=-64.46 maeMean=0.307
R1_OOS: trades=57 net=64.15 pf=1.094 dd=275.27 netDD=0.233 risk=2150 avgRisk=37.72 worst=-78.73 maeMean=0.338
U75_OOS: trades=58 net=73.68 pf=1.105 dd=285.71 netDD=0.258 risk=2175 avgRisk=37.50 worst=-78.73 maeMean=0.333
U50_OOS: trades=59 net=118.20 pf=1.252 dd=190.47 netDD=0.621 risk=1475 avgRisk=25.00 worst=-52.48 maeMean=0.327
FIXED_R0_NET=297.38 RISK=2600.00
FIXED_R1_NET=200.69 RISK=2000.00
FIXED_U75_NET=223.03 RISK=1950.00
FIXED_U50_NET=148.69 RISK=1300.00
FIXED_COHORT_PASS=YES
R1_AVG_RISK_MULTIPLIER=0.769

WFO_DONE
OUTPUT_DIR=C:\Users\JSLUI\Qsync\BOT_NAS\BOT_AUTOTRADE_SPOT_ADAPTIVE_V3\docs\auditoria\2026-09-22-spot-risk-r1
